Watching for file changes with StatReloader
Performing system checks...

System check identified no issues (0 silenced).
September 01, 2026 - 17:19:39
Django version 4.2, using settings 'igaa_project.settings'
Starting development server at http://0.0.0.0:8000/
Quit the server with CTRL-BREAK.

C:\Users\Iyke\OneDrive\Desktop\iga\igaa\settings_app\views.py changed, reloading.
Watching for file changes with StatReloader
Performing system checks...

System check identified no issues (0 silenced).
September 01, 2026 - 17:22:14
Django version 4.2, using settings 'igaa_project.settings'
Starting development server at http://0.0.0.0:8000/
Quit the server with CTRL-BREAK.

C:\Users\Iyke\OneDrive\Desktop\iga\igaa\settings_app\views.py changed, reloading.
Watching for file changes with StatReloader
Performing system checks...

System check identified no issues (0 silenced).
C:\Users\Iyke\OneDrive\Desktop\iga\igaa\settings_app\views.py changed, reloading.
Watching for file changes with StatReloader
Performing system checks...

System check identified no issues (0 silenced).
September 01, 2026 - 17:22:30
Django version 4.2, using settings 'igaa_project.settings'
Starting development server at http://0.0.0.0:8000/
Quit the server with CTRL-BREAK.

C:\Users\Iyke\OneDrive\Desktop\iga\igaa\settings_app\views.py changed, reloading.
Watching for file changes with StatReloader
Performing system checks...

System check identified no issues (0 silenced).
September 01, 2026 - 17:23:35
Django version 4.2, using settings 'igaa_project.settings'
Starting development server at http://0.0.0.0:8000/
Quit the server with CTRL-BREAK.

C:\Users\Iyke\OneDrive\Desktop\iga\igaa\settings_app\views.py changed, reloading.
Watching for file changes with StatReloader
Performing system checks...

System check identified no issues (0 silenced).
C:\Users\Iyke\OneDrive\Desktop\iga\igaa\settings_app\views.py changed, reloading.
Watching for file changes with StatReloader
Performing system checks...

System check identified no issues (0 silenced).
September 01, 2026 - 17:23:45
Django version 4.2, using settings 'igaa_project.settings'
Starting development server at http://0.0.0.0:8000/
Quit the server with CTRL-BREAK.

C:\Users\Iyke\OneDrive\Desktop\iga\igaa\payment\views.py changed, reloading.
Watching for file changes with StatReloader
Performing system checks...

System check identified no issues (0 silenced).
September 01, 2026 - 17:34:00
Django version 4.2, using settings 'igaa_project.settings'
Starting development server at http://0.0.0.0:8000/
Quit the server with CTRL-BREAK.

C:\Users\Iyke\OneDrive\Desktop\iga\igaa\payment\serializers.py changed, reloading.
Watching for file changes with StatReloader
Performing system checks...

System check identified no issues (0 silenced).
September 01, 2026 - 17:34:30
Django version 4.2, using settings 'igaa_project.settings'
Starting development server at http://0.0.0.0:8000/
Quit the server with CTRL-BREAK.

